// Jest Snapshot v1, https://goo.gl/fbAQLP

exports[`App render App 1`] = `[Function]`;
